
> client@0.1.0 start
> react-scripts start

node.exe : (node:19588) [DEP0176] DeprecationWarning: 
fs.F_OK is deprecated, use fs.constants.F_OK instead
At line:1 char:1
+ & "C:\Program Files\nodejs/node.exe" "C:\Program 
Files\nodejs/node_mo ...
+ ~~~~~~~~~~~~~~~~~~~~~~~~~~~~~~~~~~~~~~~~~~~~~~~~~~~~~~~~~
~~~~~~~~~~~~
    + CategoryInfo          : NotSpecified: ((node:19588)  
   [D...ts.F_OK instead:String) [], RemoteException
    + FullyQualifiedErrorId : NativeCommandError
 
(Use `node --trace-deprecation ...` to show where the 
warning was created)
Browserslist: caniuse-lite is outdated. Please run:
  npx update-browserslist-db@latest
  Why you should do it regularly: 
https://github.com/browserslist/update-db#readme
[HPM] Proxy created: /  -> http://localhost:5000
(node:19588) 
[DEP_WEBPACK_DEV_SERVER_ON_AFTER_SETUP_MIDDLEWARE] 
DeprecationWarning: 'onAfterSetupMiddleware' option is 
deprecated. Please use the 'setupMiddlewares' option.
(node:19588) 
[DEP_WEBPACK_DEV_SERVER_ON_BEFORE_SETUP_MIDDLEWARE] 
DeprecationWarning: 'onBeforeSetupMiddleware' option is 
deprecated. Please use the 'setupMiddlewares' option.
Starting the development server...

Compiled successfully!

You can now view client in the browser.

  Local:            http://localhost:3000
  On Your Network:  http://172.22.129.53:3000

Note that the development build is not optimized.
To create a production build, use npm run build.

webpack compiled [1m[32msuccessfully[39m[22m
Compiling...
Compiled with warnings.

[eslint] 
src\components\Header.js
  Line 2:10:  'Link' is defined but never used  no-unused-vars

Search for the keywords to learn more about each warning.
To ignore, add // eslint-disable-next-line to the line before.

[1m[33mWARNING[39m[22m in [1m[eslint] 
src\components\Header.js
  Line 2:10:  'Link' is defined but never used  no-unused-vars

[39m[22m

webpack compiled with [1m[33m1 warning[39m[22m
Compiling...
Compiled with warnings.

[eslint] 
src\components\Header.js
  Line 2:10:  'Link' is defined but never used  no-unused-vars

src\components\HomeBody.js
  Line 83:6:  React Hook useEffect has a missing dependency: 'navigate'. Either include it or remove the dependency array                                                                                                                                                                                                                                                        react-hooks/exhaustive-deps
  Line 96:9:  The href attribute requires a valid value to be accessible. Provide a valid, navigable address as the href value. If you cannot provide a valid href, but still need the element to resemble a link, use a button and change it with appropriate styles. Learn more: https://github.com/jsx-eslint/eslint-plugin-jsx-a11y/blob/HEAD/docs/rules/anchor-is-valid.md  jsx-a11y/anchor-is-valid

Search for the keywords to learn more about each warning.
To ignore, add // eslint-disable-next-line to the line before.

[1m[33mWARNING[39m[22m in [1m[eslint] 
src\components\Header.js
  Line 2:10:  'Link' is defined but never used  no-unused-vars

src\components\HomeBody.js
  Line 83:6:  React Hook useEffect has a missing dependency: 'navigate'. Either include it or remove the dependency array                                                                                                                                                                                                                                                        react-hooks/exhaustive-deps
  Line 96:9:  The href attribute requires a valid value to be accessible. Provide a valid, navigable address as the href value. If you cannot provide a valid href, but still need the element to resemble a link, use a button and change it with appropriate styles. Learn more: https://github.com/jsx-eslint/eslint-plugin-jsx-a11y/blob/HEAD/docs/rules/anchor-is-valid.md  jsx-a11y/anchor-is-valid

[39m[22m

webpack compiled with [1m[33m1 warning[39m[22m
Compiling...
Compiled with warnings.

[eslint] 
src\components\Header.js
  Line 2:10:  'Link' is defined but never used  no-unused-vars

src\components\HomeBody.js
  Line 83:6:  React Hook useEffect has a missing dependency: 'navigate'. Either include it or remove the dependency array                                                                                                                                                                                                                                                        react-hooks/exhaustive-deps
  Line 96:9:  The href attribute requires a valid value to be accessible. Provide a valid, navigable address as the href value. If you cannot provide a valid href, but still need the element to resemble a link, use a button and change it with appropriate styles. Learn more: https://github.com/jsx-eslint/eslint-plugin-jsx-a11y/blob/HEAD/docs/rules/anchor-is-valid.md  jsx-a11y/anchor-is-valid

src\components\SignupBody.js
  Line 1:17:  'useEffect' is defined but never used                                                                                                                                                                                                                                                                                                                              no-unused-vars
  Line 68:9:  The href attribute requires a valid value to be accessible. Provide a valid, navigable address as the href value. If you cannot provide a valid href, but still need the element to resemble a link, use a button and change it with appropriate styles. Learn more: https://github.com/jsx-eslint/eslint-plugin-jsx-a11y/blob/HEAD/docs/rules/anchor-is-valid.md  jsx-a11y/anchor-is-valid

Search for the keywords to learn more about each warning.
To ignore, add // eslint-disable-next-line to the line before.

[1m[33mWARNING[39m[22m in [1m[eslint] 
src\components\Header.js
  Line 2:10:  'Link' is defined but never used  no-unused-vars

src\components\HomeBody.js
  Line 83:6:  React Hook useEffect has a missing dependency: 'navigate'. Either include it or remove the dependency array                                                                                                                                                                                                                                                        react-hooks/exhaustive-deps
  Line 96:9:  The href attribute requires a valid value to be accessible. Provide a valid, navigable address as the href value. If you cannot provide a valid href, but still need the element to resemble a link, use a button and change it with appropriate styles. Learn more: https://github.com/jsx-eslint/eslint-plugin-jsx-a11y/blob/HEAD/docs/rules/anchor-is-valid.md  jsx-a11y/anchor-is-valid

src\components\SignupBody.js
  Line 1:17:  'useEffect' is defined but never used                                                                                                                                                                                                                                                                                                                              no-unused-vars
  Line 68:9:  The href attribute requires a valid value to be accessible. Provide a valid, navigable address as the href value. If you cannot provide a valid href, but still need the element to resemble a link, use a button and change it with appropriate styles. Learn more: https://github.com/jsx-eslint/eslint-plugin-jsx-a11y/blob/HEAD/docs/rules/anchor-is-valid.md  jsx-a11y/anchor-is-valid

[39m[22m

webpack compiled with [1m[33m1 warning[39m[22m
Compiling...
Compiled with warnings.

[eslint] 
src\components\Header.js
  Line 2:10:  'Link' is defined but never used  no-unused-vars

src\components\HomeBody.js
  Line 83:6:  React Hook useEffect has a missing dependency: 'navigate'. Either include it or remove the dependency array                                                                                                                                                                                                                                                        react-hooks/exhaustive-deps
  Line 96:9:  The href attribute requires a valid value to be accessible. Provide a valid, navigable address as the href value. If you cannot provide a valid href, but still need the element to resemble a link, use a button and change it with appropriate styles. Learn more: https://github.com/jsx-eslint/eslint-plugin-jsx-a11y/blob/HEAD/docs/rules/anchor-is-valid.md  jsx-a11y/anchor-is-valid

src\components\SignupBody.js
  Line 1:17:  'useEffect' is defined but never used                                                                                                                                                                                                                                                                                                                              no-unused-vars
  Line 68:9:  The href attribute requires a valid value to be accessible. Provide a valid, navigable address as the href value. If you cannot provide a valid href, but still need the element to resemble a link, use a button and change it with appropriate styles. Learn more: https://github.com/jsx-eslint/eslint-plugin-jsx-a11y/blob/HEAD/docs/rules/anchor-is-valid.md  jsx-a11y/anchor-is-valid

Search for the keywords to learn more about each warning.
To ignore, add // eslint-disable-next-line to the line before.

[1m[33mWARNING[39m[22m in [1m[eslint] 
src\components\Header.js
  Line 2:10:  'Link' is defined but never used  no-unused-vars

src\components\HomeBody.js
  Line 83:6:  React Hook useEffect has a missing dependency: 'navigate'. Either include it or remove the dependency array                                                                                                                                                                                                                                                        react-hooks/exhaustive-deps
  Line 96:9:  The href attribute requires a valid value to be accessible. Provide a valid, navigable address as the href value. If you cannot provide a valid href, but still need the element to resemble a link, use a button and change it with appropriate styles. Learn more: https://github.com/jsx-eslint/eslint-plugin-jsx-a11y/blob/HEAD/docs/rules/anchor-is-valid.md  jsx-a11y/anchor-is-valid

src\components\SignupBody.js
  Line 1:17:  'useEffect' is defined but never used                                                                                                                                                                                                                                                                                                                              no-unused-vars
  Line 68:9:  The href attribute requires a valid value to be accessible. Provide a valid, navigable address as the href value. If you cannot provide a valid href, but still need the element to resemble a link, use a button and change it with appropriate styles. Learn more: https://github.com/jsx-eslint/eslint-plugin-jsx-a11y/blob/HEAD/docs/rules/anchor-is-valid.md  jsx-a11y/anchor-is-valid

[39m[22m

webpack compiled with [1m[33m1 warning[39m[22m
Compiling...
Compiled with warnings.

[eslint] 
src\components\Header.js
  Line 2:10:  'Link' is defined but never used  no-unused-vars

src\components\HomeBody.js
  Line 83:6:  React Hook useEffect has a missing dependency: 'navigate'. Either include it or remove the dependency array                                                                                                                                                                                                                                                        react-hooks/exhaustive-deps
  Line 96:9:  The href attribute requires a valid value to be accessible. Provide a valid, navigable address as the href value. If you cannot provide a valid href, but still need the element to resemble a link, use a button and change it with appropriate styles. Learn more: https://github.com/jsx-eslint/eslint-plugin-jsx-a11y/blob/HEAD/docs/rules/anchor-is-valid.md  jsx-a11y/anchor-is-valid

src\components\SignupBody.js
  Line 1:17:  'useEffect' is defined but never used                                                                                                                                                                                                                                                                                                                              no-unused-vars
  Line 68:9:  The href attribute requires a valid value to be accessible. Provide a valid, navigable address as the href value. If you cannot provide a valid href, but still need the element to resemble a link, use a button and change it with appropriate styles. Learn more: https://github.com/jsx-eslint/eslint-plugin-jsx-a11y/blob/HEAD/docs/rules/anchor-is-valid.md  jsx-a11y/anchor-is-valid

Search for the keywords to learn more about each warning.
To ignore, add // eslint-disable-next-line to the line before.

[1m[33mWARNING[39m[22m in [1m[eslint] 
src\components\Header.js
  Line 2:10:  'Link' is defined but never used  no-unused-vars

src\components\HomeBody.js
  Line 83:6:  React Hook useEffect has a missing dependency: 'navigate'. Either include it or remove the dependency array                                                                                                                                                                                                                                                        react-hooks/exhaustive-deps
  Line 96:9:  The href attribute requires a valid value to be accessible. Provide a valid, navigable address as the href value. If you cannot provide a valid href, but still need the element to resemble a link, use a button and change it with appropriate styles. Learn more: https://github.com/jsx-eslint/eslint-plugin-jsx-a11y/blob/HEAD/docs/rules/anchor-is-valid.md  jsx-a11y/anchor-is-valid

src\components\SignupBody.js
  Line 1:17:  'useEffect' is defined but never used                                                                                                                                                                                                                                                                                                                              no-unused-vars
  Line 68:9:  The href attribute requires a valid value to be accessible. Provide a valid, navigable address as the href value. If you cannot provide a valid href, but still need the element to resemble a link, use a button and change it with appropriate styles. Learn more: https://github.com/jsx-eslint/eslint-plugin-jsx-a11y/blob/HEAD/docs/rules/anchor-is-valid.md  jsx-a11y/anchor-is-valid

[39m[22m

webpack compiled with [1m[33m1 warning[39m[22m
Compiling...
Compiled with warnings.

[eslint] 
src\components\Header.js
  Line 2:10:  'Link' is defined but never used  no-unused-vars

src\components\HomeBody.js
  Line 83:6:  React Hook useEffect has a missing dependency: 'navigate'. Either include it or remove the dependency array                                                                                                                                                                                                                                                        react-hooks/exhaustive-deps
  Line 96:9:  The href attribute requires a valid value to be accessible. Provide a valid, navigable address as the href value. If you cannot provide a valid href, but still need the element to resemble a link, use a button and change it with appropriate styles. Learn more: https://github.com/jsx-eslint/eslint-plugin-jsx-a11y/blob/HEAD/docs/rules/anchor-is-valid.md  jsx-a11y/anchor-is-valid

src\components\SignupBody.js
  Line 1:17:  'useEffect' is defined but never used                                                                                                                                                                                                                                                                                                                              no-unused-vars
  Line 68:9:  The href attribute requires a valid value to be accessible. Provide a valid, navigable address as the href value. If you cannot provide a valid href, but still need the element to resemble a link, use a button and change it with appropriate styles. Learn more: https://github.com/jsx-eslint/eslint-plugin-jsx-a11y/blob/HEAD/docs/rules/anchor-is-valid.md  jsx-a11y/anchor-is-valid

Search for the keywords to learn more about each warning.
To ignore, add // eslint-disable-next-line to the line before.

[1m[33mWARNING[39m[22m in [1m[eslint] 
src\components\Header.js
  Line 2:10:  'Link' is defined but never used  no-unused-vars

src\components\HomeBody.js
  Line 83:6:  React Hook useEffect has a missing dependency: 'navigate'. Either include it or remove the dependency array                                                                                                                                                                                                                                                        react-hooks/exhaustive-deps
  Line 96:9:  The href attribute requires a valid value to be accessible. Provide a valid, navigable address as the href value. If you cannot provide a valid href, but still need the element to resemble a link, use a button and change it with appropriate styles. Learn more: https://github.com/jsx-eslint/eslint-plugin-jsx-a11y/blob/HEAD/docs/rules/anchor-is-valid.md  jsx-a11y/anchor-is-valid

src\components\SignupBody.js
  Line 1:17:  'useEffect' is defined but never used                                                                                                                                                                                                                                                                                                                              no-unused-vars
  Line 68:9:  The href attribute requires a valid value to be accessible. Provide a valid, navigable address as the href value. If you cannot provide a valid href, but still need the element to resemble a link, use a button and change it with appropriate styles. Learn more: https://github.com/jsx-eslint/eslint-plugin-jsx-a11y/blob/HEAD/docs/rules/anchor-is-valid.md  jsx-a11y/anchor-is-valid

[39m[22m

webpack compiled with [1m[33m1 warning[39m[22m
Compiling...
Compiled with warnings.

[eslint] 
src\components\Header.js
  Line 2:10:  'Link' is defined but never used  no-unused-vars

src\components\HomeBody.js
  Line 83:6:  React Hook useEffect has a missing dependency: 'navigate'. Either include it or remove the dependency array                                                                                                                                                                                                                                                        react-hooks/exhaustive-deps
  Line 96:9:  The href attribute requires a valid value to be accessible. Provide a valid, navigable address as the href value. If you cannot provide a valid href, but still need the element to resemble a link, use a button and change it with appropriate styles. Learn more: https://github.com/jsx-eslint/eslint-plugin-jsx-a11y/blob/HEAD/docs/rules/anchor-is-valid.md  jsx-a11y/anchor-is-valid

src\components\SignupBody.js
  Line 1:17:  'useEffect' is defined but never used                                                                                                                                                                                                                                                                                                                              no-unused-vars
  Line 68:9:  The href attribute requires a valid value to be accessible. Provide a valid, navigable address as the href value. If you cannot provide a valid href, but still need the element to resemble a link, use a button and change it with appropriate styles. Learn more: https://github.com/jsx-eslint/eslint-plugin-jsx-a11y/blob/HEAD/docs/rules/anchor-is-valid.md  jsx-a11y/anchor-is-valid

Search for the keywords to learn more about each warning.
To ignore, add // eslint-disable-next-line to the line before.

[1m[33mWARNING[39m[22m in [1m[eslint] 
src\components\Header.js
  Line 2:10:  'Link' is defined but never used  no-unused-vars

src\components\HomeBody.js
  Line 83:6:  React Hook useEffect has a missing dependency: 'navigate'. Either include it or remove the dependency array                                                                                                                                                                                                                                                        react-hooks/exhaustive-deps
  Line 96:9:  The href attribute requires a valid value to be accessible. Provide a valid, navigable address as the href value. If you cannot provide a valid href, but still need the element to resemble a link, use a button and change it with appropriate styles. Learn more: https://github.com/jsx-eslint/eslint-plugin-jsx-a11y/blob/HEAD/docs/rules/anchor-is-valid.md  jsx-a11y/anchor-is-valid

src\components\SignupBody.js
  Line 1:17:  'useEffect' is defined but never used                                                                                                                                                                                                                                                                                                                              no-unused-vars
  Line 68:9:  The href attribute requires a valid value to be accessible. Provide a valid, navigable address as the href value. If you cannot provide a valid href, but still need the element to resemble a link, use a button and change it with appropriate styles. Learn more: https://github.com/jsx-eslint/eslint-plugin-jsx-a11y/blob/HEAD/docs/rules/anchor-is-valid.md  jsx-a11y/anchor-is-valid

[39m[22m

webpack compiled with [1m[33m1 warning[39m[22m
Compiling...
Compiled with warnings.

[eslint] 
src\components\Header.js
  Line 2:10:  'Link' is defined but never used  no-unused-vars

src\components\HomeBody.js
  Line 83:6:  React Hook useEffect has a missing dependency: 'navigate'. Either include it or remove the dependency array                                                                                                                                                                                                                                                        react-hooks/exhaustive-deps
  Line 96:9:  The href attribute requires a valid value to be accessible. Provide a valid, navigable address as the href value. If you cannot provide a valid href, but still need the element to resemble a link, use a button and change it with appropriate styles. Learn more: https://github.com/jsx-eslint/eslint-plugin-jsx-a11y/blob/HEAD/docs/rules/anchor-is-valid.md  jsx-a11y/anchor-is-valid

src\components\SignupBody.js
  Line 1:17:  'useEffect' is defined but never used                                                                                                                                                                                                                                                                                                                              no-unused-vars
  Line 68:9:  The href attribute requires a valid value to be accessible. Provide a valid, navigable address as the href value. If you cannot provide a valid href, but still need the element to resemble a link, use a button and change it with appropriate styles. Learn more: https://github.com/jsx-eslint/eslint-plugin-jsx-a11y/blob/HEAD/docs/rules/anchor-is-valid.md  jsx-a11y/anchor-is-valid

Search for the keywords to learn more about each warning.
To ignore, add // eslint-disable-next-line to the line before.

[1m[33mWARNING[39m[22m in [1m[eslint] 
src\components\Header.js
  Line 2:10:  'Link' is defined but never used  no-unused-vars

src\components\HomeBody.js
  Line 83:6:  React Hook useEffect has a missing dependency: 'navigate'. Either include it or remove the dependency array                                                                                                                                                                                                                                                        react-hooks/exhaustive-deps
  Line 96:9:  The href attribute requires a valid value to be accessible. Provide a valid, navigable address as the href value. If you cannot provide a valid href, but still need the element to resemble a link, use a button and change it with appropriate styles. Learn more: https://github.com/jsx-eslint/eslint-plugin-jsx-a11y/blob/HEAD/docs/rules/anchor-is-valid.md  jsx-a11y/anchor-is-valid

src\components\SignupBody.js
  Line 1:17:  'useEffect' is defined but never used                                                                                                                                                                                                                                                                                                                              no-unused-vars
  Line 68:9:  The href attribute requires a valid value to be accessible. Provide a valid, navigable address as the href value. If you cannot provide a valid href, but still need the element to resemble a link, use a button and change it with appropriate styles. Learn more: https://github.com/jsx-eslint/eslint-plugin-jsx-a11y/blob/HEAD/docs/rules/anchor-is-valid.md  jsx-a11y/anchor-is-valid

[39m[22m

webpack compiled with [1m[33m1 warning[39m[22m
Compiling...
Compiled with warnings.

[eslint] 
src\components\Header.js
  Line 2:10:  'Link' is defined but never used  no-unused-vars

src\components\HomeBody.js
  Line 83:6:  React Hook useEffect has a missing dependency: 'navigate'. Either include it or remove the dependency array                                                                                                                                                                                                                                                        react-hooks/exhaustive-deps
  Line 96:9:  The href attribute requires a valid value to be accessible. Provide a valid, navigable address as the href value. If you cannot provide a valid href, but still need the element to resemble a link, use a button and change it with appropriate styles. Learn more: https://github.com/jsx-eslint/eslint-plugin-jsx-a11y/blob/HEAD/docs/rules/anchor-is-valid.md  jsx-a11y/anchor-is-valid

src\components\ProfileBody.js
  Line 4:10:    'AiFillCamera' is defined but never used                                                                                              no-unused-vars
  Line 18:10:   'isImageSelected' is assigned a value but never used                                                                                  no-unused-vars
  Line 22:10:   'img' is assigned a value but never used                                                                                              no-unused-vars
  Line 24:9:    'onImageChange' is assigned a value but never used                                                                                    no-unused-vars
  Line 81:6:    React Hook useEffect has missing dependencies: 'navigate' and 'populateUserData'. Either include them or remove the dependency array  react-hooks/exhaustive-deps
  Line 97:11:   img elements must have an alt prop, either with meaningful text, or an empty string for decorative images                             jsx-a11y/alt-text
  Line 110:17:  img elements must have an alt prop, either with meaningful text, or an empty string for decorative images                             jsx-a11y/alt-text
  Line 119:17:  img elements must have an alt prop, either with meaningful text, or an empty string for decorative images                             jsx-a11y/alt-text
  Line 128:17:  img elements must have an alt prop, either with meaningful text, or an empty string for decorative images                             jsx-a11y/alt-text
  Line 137:17:  img elements must have an alt prop, either with meaningful text, or an empty string for decorative images                             jsx-a11y/alt-text
  Line 146:17:  img elements must have an alt prop, either with meaningful text, or an empty string for decorative images                             jsx-a11y/alt-text
  Line 155:17:  img elements must have an alt prop, either with meaningful text, or an empty string for decorative images                             jsx-a11y/alt-text
  Line 164:17:  img elements must have an alt prop, either with meaningful text, or an empty string for decorative images                             jsx-a11y/alt-text
  Line 173:17:  img elements must have an alt prop, either with meaningful text, or an empty string for decorative images                             jsx-a11y/alt-text
  Line 182:17:  img elements must have an alt prop, either with meaningful text, or an empty string for decorative images                             jsx-a11y/alt-text
  Line 191:17:  img elements must have an alt prop, either with meaningful text, or an empty string for decorative images                             jsx-a11y/alt-text
  Line 200:17:  img elements must have an alt prop, either with meaningful text, or an empty string for decorative images                             jsx-a11y/alt-text
  Line 209:17:  img elements must have an alt prop, either with meaningful text, or an empty string for decorative images                             jsx-a11y/alt-text
  Line 218:17:  img elements must have an alt prop, either with meaningful text, or an empty string for decorative images                             jsx-a11y/alt-text
  Line 227:17:  img elements must have an alt prop, either with meaningful text, or an empty string for decorative images                             jsx-a11y/alt-text
  Line 236:17:  img elements must have an alt prop, either with meaningful text, or an empty string for decorative images                             jsx-a11y/alt-text

src\components\SignupBody.js
  Line 1:17:  'useEffect' is defined but never used                                                                                                                                                                                                                                                                                                                              no-unused-vars
  Line 68:9:  The href attribute requires a valid value to be accessible. Provide a valid, navigable address as the href value. If you cannot provide a valid href, but still need the element to resemble a link, use a button and change it with appropriate styles. Learn more: https://github.com/jsx-eslint/eslint-plugin-jsx-a11y/blob/HEAD/docs/rules/anchor-is-valid.md  jsx-a11y/anchor-is-valid

Search for the keywords to learn more about each warning.
To ignore, add // eslint-disable-next-line to the line before.

[1m[33mWARNING[39m[22m in [1m[eslint] 
src\components\Header.js
  Line 2:10:  'Link' is defined but never used  no-unused-vars

src\components\HomeBody.js
  Line 83:6:  React Hook useEffect has a missing dependency: 'navigate'. Either include it or remove the dependency array                                                                                                                                                                                                                                                        react-hooks/exhaustive-deps
  Line 96:9:  The href attribute requires a valid value to be accessible. Provide a valid, navigable address as the href value. If you cannot provide a valid href, but still need the element to resemble a link, use a button and change it with appropriate styles. Learn more: https://github.com/jsx-eslint/eslint-plugin-jsx-a11y/blob/HEAD/docs/rules/anchor-is-valid.md  jsx-a11y/anchor-is-valid

src\components\ProfileBody.js
  Line 4:10:    'AiFillCamera' is defined but never used                                                                                              no-unused-vars
  Line 18:10:   'isImageSelected' is assigned a value but never used                                                                                  no-unused-vars
  Line 22:10:   'img' is assigned a value but never used                                                                                              no-unused-vars
  Line 24:9:    'onImageChange' is assigned a value but never used                                                                                    no-unused-vars
  Line 81:6:    React Hook useEffect has missing dependencies: 'navigate' and 'populateUserData'. Either include them or remove the dependency array  react-hooks/exhaustive-deps
  Line 97:11:   img elements [1m[33mmust[39m[22m[1m have an alt prop, either with meaningful text, or an empty string for decorative images                             jsx-a11y/alt-text
  Line 110:17:  img elements [1m[33mmust[39m[22m[1m have an alt prop, either with meaningful text, or an empty string for decorative images                             jsx-a11y/alt-text
  Line 119:17:  img elements [1m[33mmust[39m[22m[1m have an alt prop, either with meaningful text, or an empty string for decorative images                             jsx-a11y/alt-text
  Line 128:17:  img elements [1m[33mmust[39m[22m[1m have an alt prop, either with meaningful text, or an empty string for decorative images                             jsx-a11y/alt-text
  Line 137:17:  img elements [1m[33mmust[39m[22m[1m have an alt prop, either with meaningful text, or an empty string for decorative images                             jsx-a11y/alt-text
  Line 146:17:  img elements [1m[33mmust[39m[22m[1m have an alt prop, either with meaningful text, or an empty string for decorative images                             jsx-a11y/alt-text
  Line 155:17:  img elements [1m[33mmust[39m[22m[1m have an alt prop, either with meaningful text, or an empty string for decorative images                             jsx-a11y/alt-text
  Line 164:17:  img elements [1m[33mmust[39m[22m[1m have an alt prop, either with meaningful text, or an empty string for decorative images                             jsx-a11y/alt-text
  Line 173:17:  img elements [1m[33mmust[39m[22m[1m have an alt prop, either with meaningful text, or an empty string for decorative images                             jsx-a11y/alt-text
  Line 182:17:  img elements [1m[33mmust[39m[22m[1m have an alt prop, either with meaningful text, or an empty string for decorative images                             jsx-a11y/alt-text
  Line 191:17:  img elements [1m[33mmust[39m[22m[1m have an alt prop, either with meaningful text, or an empty string for decorative images                             jsx-a11y/alt-text
  Line 200:17:  img elements [1m[33mmust[39m[22m[1m have an alt prop, either with meaningful text, or an empty string for decorative images                             jsx-a11y/alt-text
  Line 209:17:  img elements [1m[33mmust[39m[22m[1m have an alt prop, either with meaningful text, or an empty string for decorative images                             jsx-a11y/alt-text
  Line 218:17:  img elements [1m[33mmust[39m[22m[1m have an alt prop, either with meaningful text, or an empty string for decorative images                             jsx-a11y/alt-text
  Line 227:17:  img elements [1m[33mmust[39m[22m[1m have an alt prop, either with meaningful text, or an empty string for decorative images                             jsx-a11y/alt-text
  Line 236:17:  img elements [1m[33mmust[39m[22m[1m have an alt prop, either with meaningful text, or an empty string for decorative images                             jsx-a11y/alt-text

src\components\SignupBody.js
  Line 1:17:  'useEffect' is defined but never used                                                                                                                                                                                                                                                                                                                              no-unused-vars
  Line 68:9:  The href attribute requires a valid value to be accessible. Provide a valid, navigable address as the href value. If you cannot provide a valid href, but still need the element to resemble a link, use a button and change it with appropriate styles. Learn more: https://github.com/jsx-eslint/eslint-plugin-jsx-a11y/blob/HEAD/docs/rules/anchor-is-valid.md  jsx-a11y/anchor-is-valid

[39m[22m

webpack compiled with [1m[33m1 warning[39m[22m
Compiling...
Compiled with warnings.

[eslint] 
src\components\Header.js
  Line 2:10:  'Link' is defined but never used  no-unused-vars

src\components\HomeBody.js
  Line 2:10:  'FcGoogle' is defined but never used                                                                         no-unused-vars
  Line 83:6:  React Hook useEffect has a missing dependency: 'navigate'. Either include it or remove the dependency array  react-hooks/exhaustive-deps

src\components\ProfileBody.js
  Line 4:10:    'AiFillCamera' is defined but never used                                                                                              no-unused-vars
  Line 18:10:   'isImageSelected' is assigned a value but never used                                                                                  no-unused-vars
  Line 22:10:   'img' is assigned a value but never used                                                                                              no-unused-vars
  Line 24:9:    'onImageChange' is assigned a value but never used                                                                                    no-unused-vars
  Line 81:6:    React Hook useEffect has missing dependencies: 'navigate' and 'populateUserData'. Either include them or remove the dependency array  react-hooks/exhaustive-deps
  Line 97:11:   img elements must have an alt prop, either with meaningful text, or an empty string for decorative images                             jsx-a11y/alt-text
  Line 110:17:  img elements must have an alt prop, either with meaningful text, or an empty string for decorative images                             jsx-a11y/alt-text
  Line 119:17:  img elements must have an alt prop, either with meaningful text, or an empty string for decorative images                             jsx-a11y/alt-text
  Line 128:17:  img elements must have an alt prop, either with meaningful text, or an empty string for decorative images                             jsx-a11y/alt-text
  Line 137:17:  img elements must have an alt prop, either with meaningful text, or an empty string for decorative images                             jsx-a11y/alt-text
  Line 146:17:  img elements must have an alt prop, either with meaningful text, or an empty string for decorative images                             jsx-a11y/alt-text
  Line 155:17:  img elements must have an alt prop, either with meaningful text, or an empty string for decorative images                             jsx-a11y/alt-text
  Line 164:17:  img elements must have an alt prop, either with meaningful text, or an empty string for decorative images                             jsx-a11y/alt-text
  Line 173:17:  img elements must have an alt prop, either with meaningful text, or an empty string for decorative images                             jsx-a11y/alt-text
  Line 182:17:  img elements must have an alt prop, either with meaningful text, or an empty string for decorative images                             jsx-a11y/alt-text
  Line 191:17:  img elements must have an alt prop, either with meaningful text, or an empty string for decorative images                             jsx-a11y/alt-text
  Line 200:17:  img elements must have an alt prop, either with meaningful text, or an empty string for decorative images                             jsx-a11y/alt-text
  Line 209:17:  img elements must have an alt prop, either with meaningful text, or an empty string for decorative images                             jsx-a11y/alt-text
  Line 218:17:  img elements must have an alt prop, either with meaningful text, or an empty string for decorative images                             jsx-a11y/alt-text
  Line 227:17:  img elements must have an alt prop, either with meaningful text, or an empty string for decorative images                             jsx-a11y/alt-text
  Line 236:17:  img elements must have an alt prop, either with meaningful text, or an empty string for decorative images                             jsx-a11y/alt-text

src\components\SignupBody.js
  Line 1:17:  'useEffect' is defined but never used                                                                                                                                                                                                                                                                                                                              no-unused-vars
  Line 68:9:  The href attribute requires a valid value to be accessible. Provide a valid, navigable address as the href value. If you cannot provide a valid href, but still need the element to resemble a link, use a button and change it with appropriate styles. Learn more: https://github.com/jsx-eslint/eslint-plugin-jsx-a11y/blob/HEAD/docs/rules/anchor-is-valid.md  jsx-a11y/anchor-is-valid

Search for the keywords to learn more about each warning.
To ignore, add // eslint-disable-next-line to the line before.

[1m[33mWARNING[39m[22m in [1m[eslint] 
src\components\Header.js
  Line 2:10:  'Link' is defined but never used  no-unused-vars

src\components\HomeBody.js
  Line 2:10:  'FcGoogle' is defined but never used                                                                         no-unused-vars
  Line 83:6:  React Hook useEffect has a missing dependency: 'navigate'. Either include it or remove the dependency array  react-hooks/exhaustive-deps

src\components\ProfileBody.js
  Line 4:10:    'AiFillCamera' is defined but never used                                                                                              no-unused-vars
  Line 18:10:   'isImageSelected' is assigned a value but never used                                                                                  no-unused-vars
  Line 22:10:   'img' is assigned a value but never used                                                                                              no-unused-vars
  Line 24:9:    'onImageChange' is assigned a value but never used                                                                                    no-unused-vars
  Line 81:6:    React Hook useEffect has missing dependencies: 'navigate' and 'populateUserData'. Either include them or remove the dependency array  react-hooks/exhaustive-deps
  Line 97:11:   img elements [1m[33mmust[39m[22m[1m have an alt prop, either with meaningful text, or an empty string for decorative images                             jsx-a11y/alt-text
  Line 110:17:  img elements [1m[33mmust[39m[22m[1m have an alt prop, either with meaningful text, or an empty string for decorative images                             jsx-a11y/alt-text
  Line 119:17:  img elements [1m[33mmust[39m[22m[1m have an alt prop, either with meaningful text, or an empty string for decorative images                             jsx-a11y/alt-text
  Line 128:17:  img elements [1m[33mmust[39m[22m[1m have an alt prop, either with meaningful text, or an empty string for decorative images                             jsx-a11y/alt-text
  Line 137:17:  img elements [1m[33mmust[39m[22m[1m have an alt prop, either with meaningful text, or an empty string for decorative images                             jsx-a11y/alt-text
  Line 146:17:  img elements [1m[33mmust[39m[22m[1m have an alt prop, either with meaningful text, or an empty string for decorative images                             jsx-a11y/alt-text
  Line 155:17:  img elements [1m[33mmust[39m[22m[1m have an alt prop, either with meaningful text, or an empty string for decorative images                             jsx-a11y/alt-text
  Line 164:17:  img elements [1m[33mmust[39m[22m[1m have an alt prop, either with meaningful text, or an empty string for decorative images                             jsx-a11y/alt-text
  Line 173:17:  img elements [1m[33mmust[39m[22m[1m have an alt prop, either with meaningful text, or an empty string for decorative images                             jsx-a11y/alt-text
  Line 182:17:  img elements [1m[33mmust[39m[22m[1m have an alt prop, either with meaningful text, or an empty string for decorative images                             jsx-a11y/alt-text
  Line 191:17:  img elements [1m[33mmust[39m[22m[1m have an alt prop, either with meaningful text, or an empty string for decorative images                             jsx-a11y/alt-text
  Line 200:17:  img elements [1m[33mmust[39m[22m[1m have an alt prop, either with meaningful text, or an empty string for decorative images                             jsx-a11y/alt-text
  Line 209:17:  img elements [1m[33mmust[39m[22m[1m have an alt prop, either with meaningful text, or an empty string for decorative images                             jsx-a11y/alt-text
  Line 218:17:  img elements [1m[33mmust[39m[22m[1m have an alt prop, either with meaningful text, or an empty string for decorative images                             jsx-a11y/alt-text
  Line 227:17:  img elements [1m[33mmust[39m[22m[1m have an alt prop, either with meaningful text, or an empty string for decorative images                             jsx-a11y/alt-text
  Line 236:17:  img elements [1m[33mmust[39m[22m[1m have an alt prop, either with meaningful text, or an empty string for decorative images                             jsx-a11y/alt-text

src\components\SignupBody.js
  Line 1:17:  'useEffect' is defined but never used                                                                                                                                                                                                                                                                                                                              no-unused-vars
  Line 68:9:  The href attribute requires a valid value to be accessible. Provide a valid, navigable address as the href value. If you cannot provide a valid href, but still need the element to resemble a link, use a button and change it with appropriate styles. Learn more: https://github.com/jsx-eslint/eslint-plugin-jsx-a11y/blob/HEAD/docs/rules/anchor-is-valid.md  jsx-a11y/anchor-is-valid

[39m[22m

webpack compiled with [1m[33m1 warning[39m[22m
Compiling...
Compiled with warnings.

[eslint] 
src\components\Header.js
  Line 2:10:  'Link' is defined but never used  no-unused-vars

src\components\HomeBody.js
  Line 2:10:  'FcGoogle' is defined but never used                                                                         no-unused-vars
  Line 83:6:  React Hook useEffect has a missing dependency: 'navigate'. Either include it or remove the dependency array  react-hooks/exhaustive-deps

src\components\ProfileBody.js
  Line 4:10:    'AiFillCamera' is defined but never used                                                                                              no-unused-vars
  Line 18:10:   'isImageSelected' is assigned a value but never used                                                                                  no-unused-vars
  Line 22:10:   'img' is assigned a value but never used                                                                                              no-unused-vars
  Line 24:9:    'onImageChange' is assigned a value but never used                                                                                    no-unused-vars
  Line 81:6:    React Hook useEffect has missing dependencies: 'navigate' and 'populateUserData'. Either include them or remove the dependency array  react-hooks/exhaustive-deps
  Line 97:11:   img elements must have an alt prop, either with meaningful text, or an empty string for decorative images                             jsx-a11y/alt-text
  Line 110:17:  img elements must have an alt prop, either with meaningful text, or an empty string for decorative images                             jsx-a11y/alt-text
  Line 119:17:  img elements must have an alt prop, either with meaningful text, or an empty string for decorative images                             jsx-a11y/alt-text
  Line 128:17:  img elements must have an alt prop, either with meaningful text, or an empty string for decorative images                             jsx-a11y/alt-text
  Line 137:17:  img elements must have an alt prop, either with meaningful text, or an empty string for decorative images                             jsx-a11y/alt-text
  Line 146:17:  img elements must have an alt prop, either with meaningful text, or an empty string for decorative images                             jsx-a11y/alt-text
  Line 155:17:  img elements must have an alt prop, either with meaningful text, or an empty string for decorative images                             jsx-a11y/alt-text
  Line 164:17:  img elements must have an alt prop, either with meaningful text, or an empty string for decorative images                             jsx-a11y/alt-text
  Line 173:17:  img elements must have an alt prop, either with meaningful text, or an empty string for decorative images                             jsx-a11y/alt-text
  Line 182:17:  img elements must have an alt prop, either with meaningful text, or an empty string for decorative images                             jsx-a11y/alt-text
  Line 191:17:  img elements must have an alt prop, either with meaningful text, or an empty string for decorative images                             jsx-a11y/alt-text
  Line 200:17:  img elements must have an alt prop, either with meaningful text, or an empty string for decorative images                             jsx-a11y/alt-text
  Line 209:17:  img elements must have an alt prop, either with meaningful text, or an empty string for decorative images                             jsx-a11y/alt-text
  Line 218:17:  img elements must have an alt prop, either with meaningful text, or an empty string for decorative images                             jsx-a11y/alt-text
  Line 227:17:  img elements must have an alt prop, either with meaningful text, or an empty string for decorative images                             jsx-a11y/alt-text
  Line 236:17:  img elements must have an alt prop, either with meaningful text, or an empty string for decorative images                             jsx-a11y/alt-text

src\components\SignupBody.js
  Line 1:17:  'useEffect' is defined but never used  no-unused-vars
  Line 2:10:  'FcGoogle' is defined but never used   no-unused-vars

Search for the keywords to learn more about each warning.
To ignore, add // eslint-disable-next-line to the line before.

[1m[33mWARNING[39m[22m in [1m[eslint] 
src\components\Header.js
  Line 2:10:  'Link' is defined but never used  no-unused-vars

src\components\HomeBody.js
  Line 2:10:  'FcGoogle' is defined but never used                                                                         no-unused-vars
  Line 83:6:  React Hook useEffect has a missing dependency: 'navigate'. Either include it or remove the dependency array  react-hooks/exhaustive-deps

src\components\ProfileBody.js
  Line 4:10:    'AiFillCamera' is defined but never used                                                                                              no-unused-vars
  Line 18:10:   'isImageSelected' is assigned a value but never used                                                                                  no-unused-vars
  Line 22:10:   'img' is assigned a value but never used                                                                                              no-unused-vars
  Line 24:9:    'onImageChange' is assigned a value but never used                                                                                    no-unused-vars
  Line 81:6:    React Hook useEffect has missing dependencies: 'navigate' and 'populateUserData'. Either include them or remove the dependency array  react-hooks/exhaustive-deps
  Line 97:11:   img elements [1m[33mmust[39m[22m[1m have an alt prop, either with meaningful text, or an empty string for decorative images                             jsx-a11y/alt-text
  Line 110:17:  img elements [1m[33mmust[39m[22m[1m have an alt prop, either with meaningful text, or an empty string for decorative images                             jsx-a11y/alt-text
  Line 119:17:  img elements [1m[33mmust[39m[22m[1m have an alt prop, either with meaningful text, or an empty string for decorative images                             jsx-a11y/alt-text
  Line 128:17:  img elements [1m[33mmust[39m[22m[1m have an alt prop, either with meaningful text, or an empty string for decorative images                             jsx-a11y/alt-text
  Line 137:17:  img elements [1m[33mmust[39m[22m[1m have an alt prop, either with meaningful text, or an empty string for decorative images                             jsx-a11y/alt-text
  Line 146:17:  img elements [1m[33mmust[39m[22m[1m have an alt prop, either with meaningful text, or an empty string for decorative images                             jsx-a11y/alt-text
  Line 155:17:  img elements [1m[33mmust[39m[22m[1m have an alt prop, either with meaningful text, or an empty string for decorative images                             jsx-a11y/alt-text
  Line 164:17:  img elements [1m[33mmust[39m[22m[1m have an alt prop, either with meaningful text, or an empty string for decorative images                             jsx-a11y/alt-text
  Line 173:17:  img elements [1m[33mmust[39m[22m[1m have an alt prop, either with meaningful text, or an empty string for decorative images                             jsx-a11y/alt-text
  Line 182:17:  img elements [1m[33mmust[39m[22m[1m have an alt prop, either with meaningful text, or an empty string for decorative images                             jsx-a11y/alt-text
  Line 191:17:  img elements [1m[33mmust[39m[22m[1m have an alt prop, either with meaningful text, or an empty string for decorative images                             jsx-a11y/alt-text
  Line 200:17:  img elements [1m[33mmust[39m[22m[1m have an alt prop, either with meaningful text, or an empty string for decorative images                             jsx-a11y/alt-text
  Line 209:17:  img elements [1m[33mmust[39m[22m[1m have an alt prop, either with meaningful text, or an empty string for decorative images                             jsx-a11y/alt-text
  Line 218:17:  img elements [1m[33mmust[39m[22m[1m have an alt prop, either with meaningful text, or an empty string for decorative images                             jsx-a11y/alt-text
  Line 227:17:  img elements [1m[33mmust[39m[22m[1m have an alt prop, either with meaningful text, or an empty string for decorative images                             jsx-a11y/alt-text
  Line 236:17:  img elements [1m[33mmust[39m[22m[1m have an alt prop, either with meaningful text, or an empty string for decorative images                             jsx-a11y/alt-text

src\components\SignupBody.js
  Line 1:17:  'useEffect' is defined but never used  no-unused-vars
  Line 2:10:  'FcGoogle' is defined but never used   no-unused-vars

[39m[22m

webpack compiled with [1m[33m1 warning[39m[22m
Compiling...
Compiled with warnings.

[eslint] 
src\components\Header.js
  Line 2:10:  'Link' is defined but never used  no-unused-vars

src\components\HomeBody.js
  Line 82:6:  React Hook useEffect has a missing dependency: 'navigate'. Either include it or remove the dependency array  react-hooks/exhaustive-deps

src\components\ProfileBody.js
  Line 4:10:    'AiFillCamera' is defined but never used                                                                                              no-unused-vars
  Line 18:10:   'isImageSelected' is assigned a value but never used                                                                                  no-unused-vars
  Line 22:10:   'img' is assigned a value but never used                                                                                              no-unused-vars
  Line 24:9:    'onImageChange' is assigned a value but never used                                                                                    no-unused-vars
  Line 81:6:    React Hook useEffect has missing dependencies: 'navigate' and 'populateUserData'. Either include them or remove the dependency array  react-hooks/exhaustive-deps
  Line 97:11:   img elements must have an alt prop, either with meaningful text, or an empty string for decorative images                             jsx-a11y/alt-text
  Line 110:17:  img elements must have an alt prop, either with meaningful text, or an empty string for decorative images                             jsx-a11y/alt-text
  Line 119:17:  img elements must have an alt prop, either with meaningful text, or an empty string for decorative images                             jsx-a11y/alt-text
  Line 128:17:  img elements must have an alt prop, either with meaningful text, or an empty string for decorative images                             jsx-a11y/alt-text
  Line 137:17:  img elements must have an alt prop, either with meaningful text, or an empty string for decorative images                             jsx-a11y/alt-text
  Line 146:17:  img elements must have an alt prop, either with meaningful text, or an empty string for decorative images                             jsx-a11y/alt-text
  Line 155:17:  img elements must have an alt prop, either with meaningful text, or an empty string for decorative images                             jsx-a11y/alt-text
  Line 164:17:  img elements must have an alt prop, either with meaningful text, or an empty string for decorative images                             jsx-a11y/alt-text
  Line 173:17:  img elements must have an alt prop, either with meaningful text, or an empty string for decorative images                             jsx-a11y/alt-text
  Line 182:17:  img elements must have an alt prop, either with meaningful text, or an empty string for decorative images                             jsx-a11y/alt-text
  Line 191:17:  img elements must have an alt prop, either with meaningful text, or an empty string for decorative images                             jsx-a11y/alt-text
  Line 200:17:  img elements must have an alt prop, either with meaningful text, or an empty string for decorative images                             jsx-a11y/alt-text
  Line 209:17:  img elements must have an alt prop, either with meaningful text, or an empty string for decorative images                             jsx-a11y/alt-text
  Line 218:17:  img elements must have an alt prop, either with meaningful text, or an empty string for decorative images                             jsx-a11y/alt-text
  Line 227:17:  img elements must have an alt prop, either with meaningful text, or an empty string for decorative images                             jsx-a11y/alt-text
  Line 236:17:  img elements must have an alt prop, either with meaningful text, or an empty string for decorative images                             jsx-a11y/alt-text

src\components\SignupBody.js
  Line 1:17:  'useEffect' is defined but never used  no-unused-vars
  Line 2:10:  'FcGoogle' is defined but never used   no-unused-vars

Search for the keywords to learn more about each warning.
To ignore, add // eslint-disable-next-line to the line before.

[1m[33mWARNING[39m[22m in [1m[eslint] 
src\components\Header.js
  Line 2:10:  'Link' is defined but never used  no-unused-vars

src\components\HomeBody.js
  Line 82:6:  React Hook useEffect has a missing dependency: 'navigate'. Either include it or remove the dependency array  react-hooks/exhaustive-deps

src\components\ProfileBody.js
  Line 4:10:    'AiFillCamera' is defined but never used                                                                                              no-unused-vars
  Line 18:10:   'isImageSelected' is assigned a value but never used                                                                                  no-unused-vars
  Line 22:10:   'img' is assigned a value but never used                                                                                              no-unused-vars
  Line 24:9:    'onImageChange' is assigned a value but never used                                                                                    no-unused-vars
  Line 81:6:    React Hook useEffect has missing dependencies: 'navigate' and 'populateUserData'. Either include them or remove the dependency array  react-hooks/exhaustive-deps
  Line 97:11:   img elements [1m[33mmust[39m[22m[1m have an alt prop, either with meaningful text, or an empty string for decorative images                             jsx-a11y/alt-text
  Line 110:17:  img elements [1m[33mmust[39m[22m[1m have an alt prop, either with meaningful text, or an empty string for decorative images                             jsx-a11y/alt-text
  Line 119:17:  img elements [1m[33mmust[39m[22m[1m have an alt prop, either with meaningful text, or an empty string for decorative images                             jsx-a11y/alt-text
  Line 128:17:  img elements [1m[33mmust[39m[22m[1m have an alt prop, either with meaningful text, or an empty string for decorative images                             jsx-a11y/alt-text
  Line 137:17:  img elements [1m[33mmust[39m[22m[1m have an alt prop, either with meaningful text, or an empty string for decorative images                             jsx-a11y/alt-text
  Line 146:17:  img elements [1m[33mmust[39m[22m[1m have an alt prop, either with meaningful text, or an empty string for decorative images                             jsx-a11y/alt-text
  Line 155:17:  img elements [1m[33mmust[39m[22m[1m have an alt prop, either with meaningful text, or an empty string for decorative images                             jsx-a11y/alt-text
  Line 164:17:  img elements [1m[33mmust[39m[22m[1m have an alt prop, either with meaningful text, or an empty string for decorative images                             jsx-a11y/alt-text
  Line 173:17:  img elements [1m[33mmust[39m[22m[1m have an alt prop, either with meaningful text, or an empty string for decorative images                             jsx-a11y/alt-text
  Line 182:17:  img elements [1m[33mmust[39m[22m[1m have an alt prop, either with meaningful text, or an empty string for decorative images                             jsx-a11y/alt-text
  Line 191:17:  img elements [1m[33mmust[39m[22m[1m have an alt prop, either with meaningful text, or an empty string for decorative images                             jsx-a11y/alt-text
  Line 200:17:  img elements [1m[33mmust[39m[22m[1m have an alt prop, either with meaningful text, or an empty string for decorative images                             jsx-a11y/alt-text
  Line 209:17:  img elements [1m[33mmust[39m[22m[1m have an alt prop, either with meaningful text, or an empty string for decorative images                             jsx-a11y/alt-text
  Line 218:17:  img elements [1m[33mmust[39m[22m[1m have an alt prop, either with meaningful text, or an empty string for decorative images                             jsx-a11y/alt-text
  Line 227:17:  img elements [1m[33mmust[39m[22m[1m have an alt prop, either with meaningful text, or an empty string for decorative images                             jsx-a11y/alt-text
  Line 236:17:  img elements [1m[33mmust[39m[22m[1m have an alt prop, either with meaningful text, or an empty string for decorative images                             jsx-a11y/alt-text

src\components\SignupBody.js
  Line 1:17:  'useEffect' is defined but never used  no-unused-vars
  Line 2:10:  'FcGoogle' is defined but never used   no-unused-vars

[39m[22m

webpack compiled with [1m[33m1 warning[39m[22m
Compiling...
Compiled with warnings.

[eslint] 
src\components\Header.js
  Line 2:10:  'Link' is defined but never used  no-unused-vars

src\components\HomeBody.js
  Line 82:6:  React Hook useEffect has a missing dependency: 'navigate'. Either include it or remove the dependency array  react-hooks/exhaustive-deps

src\components\ProfileBody.js
  Line 4:10:    'AiFillCamera' is defined but never used                                                                                              no-unused-vars
  Line 18:10:   'isImageSelected' is assigned a value but never used                                                                                  no-unused-vars
  Line 22:10:   'img' is assigned a value but never used                                                                                              no-unused-vars
  Line 24:9:    'onImageChange' is assigned a value but never used                                                                                    no-unused-vars
  Line 81:6:    React Hook useEffect has missing dependencies: 'navigate' and 'populateUserData'. Either include them or remove the dependency array  react-hooks/exhaustive-deps
  Line 97:11:   img elements must have an alt prop, either with meaningful text, or an empty string for decorative images                             jsx-a11y/alt-text
  Line 110:17:  img elements must have an alt prop, either with meaningful text, or an empty string for decorative images                             jsx-a11y/alt-text
  Line 119:17:  img elements must have an alt prop, either with meaningful text, or an empty string for decorative images                             jsx-a11y/alt-text
  Line 128:17:  img elements must have an alt prop, either with meaningful text, or an empty string for decorative images                             jsx-a11y/alt-text
  Line 137:17:  img elements must have an alt prop, either with meaningful text, or an empty string for decorative images                             jsx-a11y/alt-text
  Line 146:17:  img elements must have an alt prop, either with meaningful text, or an empty string for decorative images                             jsx-a11y/alt-text
  Line 155:17:  img elements must have an alt prop, either with meaningful text, or an empty string for decorative images                             jsx-a11y/alt-text
  Line 164:17:  img elements must have an alt prop, either with meaningful text, or an empty string for decorative images                             jsx-a11y/alt-text
  Line 173:17:  img elements must have an alt prop, either with meaningful text, or an empty string for decorative images                             jsx-a11y/alt-text
  Line 182:17:  img elements must have an alt prop, either with meaningful text, or an empty string for decorative images                             jsx-a11y/alt-text
  Line 191:17:  img elements must have an alt prop, either with meaningful text, or an empty string for decorative images                             jsx-a11y/alt-text
  Line 200:17:  img elements must have an alt prop, either with meaningful text, or an empty string for decorative images                             jsx-a11y/alt-text
  Line 209:17:  img elements must have an alt prop, either with meaningful text, or an empty string for decorative images                             jsx-a11y/alt-text
  Line 218:17:  img elements must have an alt prop, either with meaningful text, or an empty string for decorative images                             jsx-a11y/alt-text
  Line 227:17:  img elements must have an alt prop, either with meaningful text, or an empty string for decorative images                             jsx-a11y/alt-text
  Line 236:17:  img elements must have an alt prop, either with meaningful text, or an empty string for decorative images                             jsx-a11y/alt-text

src\components\SignupBody.js
  Line 1:17:  'useEffect' is defined but never used  no-unused-vars

Search for the keywords to learn more about each warning.
To ignore, add // eslint-disable-next-line to the line before.

[1m[33mWARNING[39m[22m in [1m[eslint] 
src\components\Header.js
  Line 2:10:  'Link' is defined but never used  no-unused-vars

src\components\HomeBody.js
  Line 82:6:  React Hook useEffect has a missing dependency: 'navigate'. Either include it or remove the dependency array  react-hooks/exhaustive-deps

src\components\ProfileBody.js
  Line 4:10:    'AiFillCamera' is defined but never used                                                                                              no-unused-vars
  Line 18:10:   'isImageSelected' is assigned a value but never used                                                                                  no-unused-vars
  Line 22:10:   'img' is assigned a value but never used                                                                                              no-unused-vars
  Line 24:9:    'onImageChange' is assigned a value but never used                                                                                    no-unused-vars
  Line 81:6:    React Hook useEffect has missing dependencies: 'navigate' and 'populateUserData'. Either include them or remove the dependency array  react-hooks/exhaustive-deps
  Line 97:11:   img elements [1m[33mmust[39m[22m[1m have an alt prop, either with meaningful text, or an empty string for decorative images                             jsx-a11y/alt-text
  Line 110:17:  img elements [1m[33mmust[39m[22m[1m have an alt prop, either with meaningful text, or an empty string for decorative images                             jsx-a11y/alt-text
  Line 119:17:  img elements [1m[33mmust[39m[22m[1m have an alt prop, either with meaningful text, or an empty string for decorative images                             jsx-a11y/alt-text
  Line 128:17:  img elements [1m[33mmust[39m[22m[1m have an alt prop, either with meaningful text, or an empty string for decorative images                             jsx-a11y/alt-text
  Line 137:17:  img elements [1m[33mmust[39m[22m[1m have an alt prop, either with meaningful text, or an empty string for decorative images                             jsx-a11y/alt-text
  Line 146:17:  img elements [1m[33mmust[39m[22m[1m have an alt prop, either with meaningful text, or an empty string for decorative images                             jsx-a11y/alt-text
  Line 155:17:  img elements [1m[33mmust[39m[22m[1m have an alt prop, either with meaningful text, or an empty string for decorative images                             jsx-a11y/alt-text
  Line 164:17:  img elements [1m[33mmust[39m[22m[1m have an alt prop, either with meaningful text, or an empty string for decorative images                             jsx-a11y/alt-text
  Line 173:17:  img elements [1m[33mmust[39m[22m[1m have an alt prop, either with meaningful text, or an empty string for decorative images                             jsx-a11y/alt-text
  Line 182:17:  img elements [1m[33mmust[39m[22m[1m have an alt prop, either with meaningful text, or an empty string for decorative images                             jsx-a11y/alt-text
  Line 191:17:  img elements [1m[33mmust[39m[22m[1m have an alt prop, either with meaningful text, or an empty string for decorative images                             jsx-a11y/alt-text
  Line 200:17:  img elements [1m[33mmust[39m[22m[1m have an alt prop, either with meaningful text, or an empty string for decorative images                             jsx-a11y/alt-text
  Line 209:17:  img elements [1m[33mmust[39m[22m[1m have an alt prop, either with meaningful text, or an empty string for decorative images                             jsx-a11y/alt-text
  Line 218:17:  img elements [1m[33mmust[39m[22m[1m have an alt prop, either with meaningful text, or an empty string for decorative images                             jsx-a11y/alt-text
  Line 227:17:  img elements [1m[33mmust[39m[22m[1m have an alt prop, either with meaningful text, or an empty string for decorative images                             jsx-a11y/alt-text
  Line 236:17:  img elements [1m[33mmust[39m[22m[1m have an alt prop, either with meaningful text, or an empty string for decorative images                             jsx-a11y/alt-text

src\components\SignupBody.js
  Line 1:17:  'useEffect' is defined but never used  no-unused-vars

[39m[22m

webpack compiled with [1m[33m1 warning[39m[22m
